// Jest Snapshot v1, https://goo.gl/fbAQLP

exports[`Should Render not found page 1`] = `
<div>
  404 Not found! 
  <Link
    to="/"
  >
    Home
  </Link>
</div>
`;
